// Jest Snapshot v1, https://goo.gl/fbAQLP

exports[`GenresChip deve renderizar corretamente 1`] = `
<View
  style={
    Object {
      "flexDirection": "row",
      "flexWrap": "wrap",
      "paddingVertical": 12,
    }
  }
>
  <View
    style={
      Object {
        "backgroundColor": "#ebebeb",
        "borderColor": "#ebebeb",
        "borderRadius": 16,
        "borderStyle": "solid",
        "borderWidth": 0.5,
        "elevation": 0,
        "margin": 4,
      }
    }
  >
    <View
      accessibilityRole="button"
      accessibilityStates={Array []}
      accessible={true}
      isTVSelectable={true}
      onResponderGrant={[Function]}
      onResponderMove={[Function]}
      onResponderRelease={[Function]}
      onResponderTerminate={[Function]}
      onResponderTerminationRequest={[Function]}
      onStartShouldSetResponder={[Function]}
      style={
        Array [
          Object {
            "overflow": "hidden",
          },
          Object {
            "borderRadius": 16,
          },
        ]
      }
    >
      <View
        style={
          Object {
            "alignItems": "center",
            "flexDirection": "row",
            "paddingHorizontal": 4,
          }
        }
      >
        <Text
          numberOfLines={1}
          style={
            Array [
              Object {
                "color": "#000000",
                "fontFamily": "Helvetica Neue",
                "textAlign": "left",
                "writingDirection": "ltr",
              },
              Array [
                Object {
                  "lineHeight": 24,
                  "marginVertical": 4,
                  "minHeight": 24,
                  "textAlignVertical": "center",
                },
                Object {
                  "color": "rgba(0, 0, 0, 0.87)",
                  "marginLeft": 8,
                  "marginRight": 8,
                },
                Object {
                  "fontStyle": "italic",
                },
              ],
            ]
          }
        >
          Drama
        </Text>
      </View>
    </View>
  </View>
</View>
`;
