// Jest Snapshot v1, https://goo.gl/fbAQLP

exports[`CardMovie deve renderizar corretamente 1`] = `
<View
  style={
    Object {
      "backgroundColor": "#ffffff",
      "borderRadius": 4,
      "elevation": 4,
      "marginBottom": 18,
      "marginHorizontal": 10,
      "maxWidth": 135,
      "minWidth": 135,
      "shadowColor": "#000000",
      "shadowOffset": Object {
        "height": 3,
        "width": 0,
      },
      "shadowOpacity": 0.24,
      "shadowRadius": 4,
    }
  }
>
  <View
    accessible={true}
    onResponderGrant={[Function]}
    onResponderMove={[Function]}
    onResponderRelease={[Function]}
    onResponderTerminate={[Function]}
    onResponderTerminationRequest={[Function]}
    onStartShouldSetResponder={[Function]}
    style={
      Object {
        "flexGrow": 1,
      }
    }
  >
    <View
      style={
        Array [
          Object {
            "backgroundColor": "#eeeeee",
            "height": 195,
            "overflow": "hidden",
          },
          Object {
            "borderTopLeftRadius": 4,
            "borderTopRightRadius": 4,
          },
          undefined,
        ]
      }
    >
      <Image
        siblings={
          Array [
            "withTheme(Card.Cover)",
            "withTheme(Chip)",
            "Card.Content",
          ]
        }
        source={
          Object {
            "uri": "https://image.tmdb.org/t/p/w500/dzBtMocZuJbjLOXvrl4zGYigDzh.jpg\\"",
          }
        }
        style={
          Array [
            Object {
              "flex": 1,
              "height": null,
              "justifyContent": "flex-end",
              "padding": 16,
              "resizeMode": "cover",
              "width": null,
            },
            Object {
              "borderTopLeftRadius": 4,
              "borderTopRightRadius": 4,
            },
          ]
        }
      />
    </View>
    <View
      index={1}
      siblings={
        Array [
          "withTheme(Card.Cover)",
          "withTheme(Chip)",
          "Card.Content",
        ]
      }
      style={
        Object {
          "backgroundColor": "#212C31",
          "borderColor": "#212C31",
          "borderRadius": 16,
          "borderStyle": "solid",
          "borderWidth": 0.5,
          "bottom": "21%",
          "elevation": 0,
          "position": "absolute",
        }
      }
      total={3}
    >
      <View
        accessibilityRole="button"
        accessibilityStates={
          Array [
            "disabled",
          ]
        }
        accessible={true}
        isTVSelectable={true}
        onResponderGrant={[Function]}
        onResponderMove={[Function]}
        onResponderRelease={[Function]}
        onResponderTerminate={[Function]}
        onResponderTerminationRequest={[Function]}
        onStartShouldSetResponder={[Function]}
        style={
          Array [
            Object {
              "overflow": "hidden",
            },
            Object {
              "borderRadius": 16,
            },
          ]
        }
      >
        <View
          style={
            Object {
              "alignItems": "center",
              "flexDirection": "row",
              "paddingHorizontal": 4,
            }
          }
        >
          <View
            style={
              Array [
                Object {
                  "padding": 4,
                },
                null,
              ]
            }
          >
            <Text />
          </View>
          <Text
            numberOfLines={1}
            style={
              Array [
                Object {
                  "color": "#000000",
                  "fontFamily": "Helvetica Neue",
                  "textAlign": "left",
                  "writingDirection": "ltr",
                },
                Array [
                  Object {
                    "lineHeight": 24,
                    "marginVertical": 4,
                    "minHeight": 24,
                    "textAlignVertical": "center",
                  },
                  Object {
                    "color": "yellow",
                    "marginLeft": 4,
                    "marginRight": 8,
                  },
                  undefined,
                ],
              ]
            }
          >
            7.7
          </Text>
        </View>
      </View>
    </View>
    <View
      style={
        Array [
          Object {
            "paddingHorizontal": 16,
          },
          Object {
            "paddingBottom": 16,
          },
          undefined,
        ]
      }
    >
      <View>
        <Text
          ellipsizeMode="tail"
          numberOfLines={1}
          style={
            Array [
              Object {
                "color": "#000000",
                "fontFamily": "Helvetica Neue",
                "textAlign": "left",
                "writingDirection": "ltr",
              },
              Object {
                "fontWeight": "bold",
                "marginTop": 14,
                "textAlign": "center",
              },
            ]
          }
        >
          The Lion King
        </Text>
        <Text
          ellipsizeMode="tail"
          numberOfLines={1}
          style={
            Array [
              Object {
                "color": "#000000",
                "fontFamily": "Helvetica Neue",
                "textAlign": "left",
                "writingDirection": "ltr",
              },
              Object {
                "textAlign": "center",
              },
            ]
          }
        >
          Jul 20th 19
        </Text>
      </View>
    </View>
  </View>
</View>
`;
